[14:25:08] Train=21138, tune=4602, objects=78; CPU threads=3
[14:25:10] GRU 28d epoch=1 tune_AP=0.494929 best=0.494929
[14:25:11] GRU 28d epoch=2 tune_AP=0.522682 best=0.522682
[14:25:11] GRU 28d epoch=3 tune_AP=0.533099 best=0.533099
[14:25:12] GRU 28d epoch=4 tune_AP=0.538682 best=0.538682
[14:25:13] GRU 28d epoch=5 tune_AP=0.541833 best=0.541833
[14:25:13] GRU 28d epoch=6 tune_AP=0.543237 best=0.543237
[14:25:14] GRU 28d epoch=7 tune_AP=0.546524 best=0.546524
[14:25:15] GRU 28d epoch=8 tune_AP=0.547410 best=0.547410
[14:25:15] GRU 28d epoch=9 tune_AP=0.548247 best=0.548247
[14:25:16] GRU 28d epoch=10 tune_AP=0.549129 best=0.549129
[14:25:17] GRU 28d epoch=11 tune_AP=0.550251 best=0.550251
[14:25:17] GRU 28d epoch=12 tune_AP=0.551655 best=0.551655
[14:25:18] GRU 28d epoch=13 tune_AP=0.552102 best=0.552102
[14:25:18] GRU 28d epoch=14 tune_AP=0.551731 best=0.552102
[14:25:19] GRU 28d epoch=15 tune_AP=0.553672 best=0.553672
[14:25:20] GRU 28d epoch=16 tune_AP=0.554981 best=0.554981
[14:25:21] GRU 28d epoch=17 tune_AP=0.555798 best=0.555798
[14:25:21] GRU 28d epoch=18 tune_AP=0.556159 best=0.556159
[14:25:22] GRU 28d epoch=19 tune_AP=0.557141 best=0.557141
[14:25:23] GRU 28d epoch=20 tune_AP=0.558903 best=0.558903
[14:25:23] GRU 28d epoch=21 tune_AP=0.558667 best=0.558903
[14:25:24] GRU 28d epoch=22 tune_AP=0.559729 best=0.559729
[14:25:25] GRU 28d epoch=23 tune_AP=0.560136 best=0.560136
[14:25:25] GRU 28d epoch=24 tune_AP=0.562364 best=0.562364
[14:25:26] GRU 28d epoch=25 tune_AP=0.561557 best=0.562364
[14:25:27] GRU 28d epoch=26 tune_AP=0.563627 best=0.563627
[14:25:28] GRU 28d epoch=27 tune_AP=0.564223 best=0.564223
[14:25:28] GRU 28d epoch=28 tune_AP=0.566446 best=0.566446
[14:25:29] GRU 28d epoch=29 tune_AP=0.563932 best=0.566446
[14:25:30] GRU 28d epoch=30 tune_AP=0.567490 best=0.567490
[14:25:30] GRU 28d epoch=31 tune_AP=0.568478 best=0.568478
[14:25:31] GRU 28d epoch=32 tune_AP=0.569509 best=0.569509
[14:25:32] GRU 28d epoch=33 tune_AP=0.569313 best=0.569509
[14:25:32] GRU 28d epoch=34 tune_AP=0.569995 best=0.569995
[14:25:33] GRU 28d epoch=35 tune_AP=0.573108 best=0.573108
[14:25:34] GRU 28d epoch=36 tune_AP=0.575268 best=0.575268
[14:25:35] GRU 28d epoch=37 tune_AP=0.574111 best=0.575268
[14:25:35] GRU 28d epoch=38 tune_AP=0.572976 best=0.575268
[14:25:36] GRU 28d epoch=39 tune_AP=0.571373 best=0.575268
[14:25:37] GRU 28d epoch=40 tune_AP=0.573290 best=0.575268
[14:25:38] GRU 56d epoch=1 tune_AP=0.495560 best=0.495560
[14:25:40] GRU 56d epoch=2 tune_AP=0.524183 best=0.524183
[14:25:41] GRU 56d epoch=3 tune_AP=0.534015 best=0.534015
[14:25:42] GRU 56d epoch=4 tune_AP=0.539907 best=0.539907
[14:25:43] GRU 56d epoch=5 tune_AP=0.543067 best=0.543067
[14:25:45] GRU 56d epoch=6 tune_AP=0.543343 best=0.543343
[14:25:46] GRU 56d epoch=7 tune_AP=0.546470 best=0.546470
[14:25:48] GRU 56d epoch=8 tune_AP=0.547784 best=0.547784
[14:25:49] GRU 56d epoch=9 tune_AP=0.548702 best=0.548702
[14:25:50] GRU 56d epoch=10 tune_AP=0.549024 best=0.549024
[14:25:52] GRU 56d epoch=11 tune_AP=0.550363 best=0.550363
[14:25:53] GRU 56d epoch=12 tune_AP=0.550859 best=0.550859
[14:25:55] GRU 56d epoch=13 tune_AP=0.551080 best=0.551080
[14:25:56] GRU 56d epoch=14 tune_AP=0.548923 best=0.551080
[14:25:57] GRU 56d epoch=15 tune_AP=0.552608 best=0.552608
[14:25:59] GRU 56d epoch=16 tune_AP=0.552761 best=0.552761
[14:26:00] GRU 56d epoch=17 tune_AP=0.554409 best=0.554409
[14:26:01] GRU 56d epoch=18 tune_AP=0.553039 best=0.554409
[14:26:03] GRU 56d epoch=19 tune_AP=0.554344 best=0.554409
[14:26:04] GRU 56d epoch=20 tune_AP=0.556185 best=0.556185
[14:26:06] GRU 56d epoch=21 tune_AP=0.556589 best=0.556589
[14:26:07] GRU 56d epoch=22 tune_AP=0.555569 best=0.556589
[14:26:09] GRU 56d epoch=23 tune_AP=0.555979 best=0.556589
[14:26:10] GRU 56d epoch=24 tune_AP=0.557713 best=0.557713
[14:26:11] GRU 56d epoch=25 tune_AP=0.556250 best=0.557713
[14:26:13] GRU 56d epoch=26 tune_AP=0.559655 best=0.559655
[14:26:14] GRU 56d epoch=27 tune_AP=0.558033 best=0.559655
[14:26:16] GRU 56d epoch=28 tune_AP=0.560913 best=0.560913
[14:26:17] GRU 56d epoch=29 tune_AP=0.558137 best=0.560913
[14:26:18] GRU 56d epoch=30 tune_AP=0.562081 best=0.562081
[14:26:20] GRU 56d epoch=31 tune_AP=0.563768 best=0.563768
[14:26:21] GRU 56d epoch=32 tune_AP=0.564240 best=0.564240
[14:26:22] GRU 56d epoch=33 tune_AP=0.562641 best=0.564240
[14:26:24] GRU 56d epoch=34 tune_AP=0.565252 best=0.565252
[14:26:25] GRU 56d epoch=35 tune_AP=0.565972 best=0.565972
[14:26:26] GRU 56d epoch=36 tune_AP=0.570354 best=0.570354
[14:26:28] GRU 56d epoch=37 tune_AP=0.565231 best=0.570354
[14:26:29] GRU 56d epoch=38 tune_AP=0.566221 best=0.570354
[14:26:31] GRU 56d epoch=39 tune_AP=0.564500 best=0.570354
[14:26:32] GRU 56d epoch=40 tune_AP=0.568041 best=0.570354
                  model          cohort  rows  positives  prevalence  average_precision  roc_auc  precision   recall       f1  threshold  true_positive  false_positive  false_negative  calendar_days  false_alerts_per_calendar_day  all_alerts_per_calendar_day
        always_positive all_object_days  4602       1148    0.249457           0.249457 0.500000   0.249457 1.000000 0.399304   0.500000           1148            3454               0             59                      58.542373                    78.000000
persistence_alarm_today all_object_days  4602       1148    0.249457           0.318882 0.612228   0.412111 0.426829 0.419341   0.500000            490             699             658             59                      11.847458                    20.152542
frozen_object_frequency all_object_days  4602       1148    0.249457           0.539210 0.778566   0.470339 0.676829 0.555000   0.302583            777             875             371             59                      14.830508                    28.000000
        lightgbm_object all_object_days  4602       1148    0.249457           0.626555 0.817881   0.561521 0.655923 0.605062   0.334523            753             588             395             59                       9.966102                    22.728814
                gru_w28 all_object_days  4602       1148    0.249457           0.575268 0.783483   0.496011 0.649826 0.562594   0.317849            746             758             402             59                      12.847458                    25.491525
                gru_w56 all_object_days  4602       1148    0.249457           0.570354 0.784641   0.474638 0.684669 0.560628   0.289231            786             870             362             59                      14.745763                    28.067797
[14:26:32] Selected gru_w28; stopped before refit/calibration/test
