/Users/antany/Desktop/LCT-Ann/lct-collector-risk/.venv/lib/python3.12/site-packages/lightgbm/sklearn.py:1106: LGBMDeprecationWarning: The argument 'eval_set' is deprecated, use 'eval_X' and 'eval_y' instead.
  eval_set = _validate_eval_set_Xy(eval_set=eval_set, eval_X=eval_X, eval_y=eval_y)
{"model": "direct_7", "k": 10, "rows": 4602, "objects": 78, "days": 59, "feature_start": "2025-10-01", "feature_end": "2025-11-28", "issue_start": "2025-10-02", "issue_end": "2025-11-29", "onsets": 582, "onset_prevalence": 0.12646675358539766, "average_precision": 0.28078705167386864, "precision_at_k": 0.2440677966101695, "recall": 0.24742268041237114, "tp": 144, "warnings": 590, "warnings_per_day": 10.0, "warning_partition": {"onset": 144, "repeat_alarm": 98, "no_alarm": 348}, "undefined_recall": false, "date_semantics": "feature_day_D; issue_day_D_plus_1; target_day_D_plus_2"}
/Users/antany/Desktop/LCT-Ann/lct-collector-risk/.venv/lib/python3.12/site-packages/lightgbm/sklearn.py:1106: LGBMDeprecationWarning: The argument 'eval_set' is deprecated, use 'eval_X' and 'eval_y' instead.
  eval_set = _validate_eval_set_Xy(eval_set=eval_set, eval_X=eval_X, eval_y=eval_y)
{"model": "direct_15", "k": 10, "rows": 4602, "objects": 78, "days": 59, "feature_start": "2025-10-01", "feature_end": "2025-11-28", "issue_start": "2025-10-02", "issue_end": "2025-11-29", "onsets": 582, "onset_prevalence": 0.12646675358539766, "average_precision": 0.2804409765615161, "precision_at_k": 0.2457627118644068, "recall": 0.24914089347079038, "tp": 145, "warnings": 590, "warnings_per_day": 10.0, "warning_partition": {"onset": 145, "repeat_alarm": 89, "no_alarm": 356}, "undefined_recall": false, "date_semantics": "feature_day_D; issue_day_D_plus_1; target_day_D_plus_2"}
/Users/antany/Desktop/LCT-Ann/lct-collector-risk/.venv/lib/python3.12/site-packages/lightgbm/sklearn.py:1106: LGBMDeprecationWarning: The argument 'eval_set' is deprecated, use 'eval_X' and 'eval_y' instead.
  eval_set = _validate_eval_set_Xy(eval_set=eval_set, eval_X=eval_X, eval_y=eval_y)
/Users/antany/Desktop/LCT-Ann/lct-collector-risk/.venv/lib/python3.12/site-packages/lightgbm/sklearn.py:1106: LGBMDeprecationWarning: The argument 'eval_set' is deprecated, use 'eval_X' and 'eval_y' instead.
  eval_set = _validate_eval_set_Xy(eval_set=eval_set, eval_X=eval_X, eval_y=eval_y)
{"model": "hurdle_7", "k": 10, "rows": 4602, "objects": 78, "days": 59, "feature_start": "2025-10-01", "feature_end": "2025-11-28", "issue_start": "2025-10-02", "issue_end": "2025-11-29", "onsets": 582, "onset_prevalence": 0.12646675358539766, "average_precision": 0.2789532800964698, "precision_at_k": 0.24067796610169492, "recall": 0.24398625429553264, "tp": 142, "warnings": 590, "warnings_per_day": 10.0, "warning_partition": {"onset": 142, "repeat_alarm": 91, "no_alarm": 357}, "undefined_recall": false, "date_semantics": "feature_day_D; issue_day_D_plus_1; target_day_D_plus_2"}
/Users/antany/Desktop/LCT-Ann/lct-collector-risk/.venv/lib/python3.12/site-packages/lightgbm/sklearn.py:1106: LGBMDeprecationWarning: The argument 'eval_set' is deprecated, use 'eval_X' and 'eval_y' instead.
  eval_set = _validate_eval_set_Xy(eval_set=eval_set, eval_X=eval_X, eval_y=eval_y)
/Users/antany/Desktop/LCT-Ann/lct-collector-risk/.venv/lib/python3.12/site-packages/lightgbm/sklearn.py:1106: LGBMDeprecationWarning: The argument 'eval_set' is deprecated, use 'eval_X' and 'eval_y' instead.
  eval_set = _validate_eval_set_Xy(eval_set=eval_set, eval_X=eval_X, eval_y=eval_y)
{"model": "hurdle_15", "k": 10, "rows": 4602, "objects": 78, "days": 59, "feature_start": "2025-10-01", "feature_end": "2025-11-28", "issue_start": "2025-10-02", "issue_end": "2025-11-29", "onsets": 582, "onset_prevalence": 0.12646675358539766, "average_precision": 0.28565663901902444, "precision_at_k": 0.26610169491525426, "recall": 0.2697594501718213, "tp": 157, "warnings": 590, "warnings_per_day": 10.0, "warning_partition": {"onset": 157, "repeat_alarm": 92, "no_alarm": 341}, "undefined_recall": false, "date_semantics": "feature_day_D; issue_day_D_plus_1; target_day_D_plus_2"}
/Users/antany/Desktop/LCT-Ann/lct-collector-risk/.venv/lib/python3.12/site-packages/lightgbm/sklearn.py:1106: LGBMDeprecationWarning: The argument 'eval_set' is deprecated, use 'eval_X' and 'eval_y' instead.
  eval_set = _validate_eval_set_Xy(eval_set=eval_set, eval_X=eval_X, eval_y=eval_y)
{"model": "joint_7", "k": 10, "rows": 4602, "objects": 78, "days": 59, "feature_start": "2025-10-01", "feature_end": "2025-11-28", "issue_start": "2025-10-02", "issue_end": "2025-11-29", "onsets": 582, "onset_prevalence": 0.12646675358539766, "average_precision": 0.27444777887010235, "precision_at_k": 0.2593220338983051, "recall": 0.26288659793814434, "tp": 153, "warnings": 590, "warnings_per_day": 10.0, "warning_partition": {"onset": 153, "repeat_alarm": 87, "no_alarm": 350}, "undefined_recall": false, "date_semantics": "feature_day_D; issue_day_D_plus_1; target_day_D_plus_2"}
/Users/antany/Desktop/LCT-Ann/lct-collector-risk/.venv/lib/python3.12/site-packages/lightgbm/sklearn.py:1106: LGBMDeprecationWarning: The argument 'eval_set' is deprecated, use 'eval_X' and 'eval_y' instead.
  eval_set = _validate_eval_set_Xy(eval_set=eval_set, eval_X=eval_X, eval_y=eval_y)
{"model": "joint_15", "k": 10, "rows": 4602, "objects": 78, "days": 59, "feature_start": "2025-10-01", "feature_end": "2025-11-28", "issue_start": "2025-10-02", "issue_end": "2025-11-29", "onsets": 582, "onset_prevalence": 0.12646675358539766, "average_precision": 0.2760601587609779, "precision_at_k": 0.2593220338983051, "recall": 0.26288659793814434, "tp": 153, "warnings": 590, "warnings_per_day": 10.0, "warning_partition": {"onset": 153, "repeat_alarm": 90, "no_alarm": 347}, "undefined_recall": false, "date_semantics": "feature_day_D; issue_day_D_plus_1; target_day_D_plus_2"}
{"model": "logistic", "k": 10, "rows": 4602, "objects": 78, "days": 59, "feature_start": "2025-10-01", "feature_end": "2025-11-28", "issue_start": "2025-10-02", "issue_end": "2025-11-29", "onsets": 582, "onset_prevalence": 0.12646675358539766, "average_precision": 0.23771756955299575, "precision_at_k": 0.21525423728813559, "recall": 0.218213058419244, "tp": 127, "warnings": 590, "warnings_per_day": 10.0, "warning_partition": {"onset": 127, "repeat_alarm": 119, "no_alarm": 344}, "undefined_recall": false, "date_semantics": "feature_day_D; issue_day_D_plus_1; target_day_D_plus_2"}
{"model": "frequency", "k": 10, "rows": 4602, "objects": 78, "days": 59, "feature_start": "2025-10-01", "feature_end": "2025-11-28", "issue_start": "2025-10-02", "issue_end": "2025-11-29", "onsets": 582, "onset_prevalence": 0.12646675358539766, "average_precision": 0.18951072855952247, "precision_at_k": 0.19661016949152543, "recall": 0.19931271477663232, "tp": 116, "warnings": 590, "warnings_per_day": 10.0, "warning_partition": {"onset": 116, "repeat_alarm": 133, "no_alarm": 341}, "undefined_recall": false, "date_semantics": "feature_day_D; issue_day_D_plus_1; target_day_D_plus_2"}
{"selected": "hurdle_15", "parts": {"hurdle_15": 1.0}}
